<!DOCTYPE html>
<html>
<title>Blog: Blog Two</title>
<body color="blue">
<h1>Blog Two Descr</h1>Here i tell how to do this blog/blog_post_two</body>
</html>