<!DOCTYPE html>
<html>
<title>Blog: Blog One</title>
<body color="blue">
<h1>Blog One Descr</h1>Here i tell how to do this blog/blog_post_one</body>
</html>