<!DOCTYPE html>
<html>
<title>1</title>
<body>
<ul><li>Blog Two: Blog Two Descr</li>
<li>Blog One: Blog One Descr</li></ul>
</body>
</html>